// Jest Snapshot v1, https://goo.gl/fbAQLP

exports[`Waveform Component Tests component details should render the component correctly 1`] = `
<View
  style={
    Array [
      Object {
        "flexDirection": "row",
        "height": 50,
        "justifyContent": "center",
        "width": 100,
      },
      Object {
        "transform": Array [
          Object {
            "rotateX": "180deg",
          },
          Object {
            "rotateY": "0deg",
          },
        ],
      },
    ]
  }
>
  <View
    accessible={true}
    isTVSelectable={true}
    onResponderGrant={[Function]}
    onResponderMove={[Function]}
    onResponderRelease={[Function]}
    onResponderTerminate={[Function]}
    onResponderTerminationRequest={[Function]}
    onStartShouldSetResponder={[Function]}
    style={
      Object {
        "opacity": 1,
      }
    }
  >
    <View
      style={
        Object {
          "backgroundColor": "#4F1224",
          "height": 3.2,
          "marginRight": 1,
          "width": 2,
        }
      }
    />
  </View>
</View>
`;
